---
source: src/structures.rs
expression: "RangeOutput::Range(3, 1, 10).iter().collect::<Vec<_>>()"
---
[
    "0001",
    "0002",
    "0003",
    "0004",
    "0005",
    "0006",
    "0007",
    "0008",
    "0009",
    "0010",
]
