---
source: src/lib.rs
expression: "leading_zeros().easy_parse(\"0001\")"
---
Ok(
    (
        (
            3,
            1,
        ),
        "",
    ),
)
