---
source: src/lib.rs
expression: "range_digits().easy_parse(\"001-003\")"
---
Ok(
    (
        Range(
            2,
            true,
            1,
            3,
        ),
        "",
    ),
)
