---
source: src/lib.rs
expression: "range().easy_parse(\"[1,2,3-5,6,7,8-10]\")"
---
Ok(
    (
        [
            Disjoint(
                [
                    (
                        0,
                        1,
                    ),
                    (
                        0,
                        2,
                    ),
                ],
            ),
            Range(
                0,
                true,
                3,
                5,
            ),
            Disjoint(
                [
                    (
                        0,
                        6,
                    ),
                    (
                        0,
                        7,
                    ),
                ],
            ),
            Range(
                0,
                true,
                8,
                10,
            ),
        ],
        "",
    ),
)
