---
source: src/lib.rs
expression: "disjoint_digits().easy_parse(\"1,2,3-5\")"
---
Ok(
    (
        Disjoint(
            [
                1,
                2,
            ],
        ),
        ",3-5",
    ),
)
