---
source: src/lib.rs
assertion_line: 422
expression: "parse(\"test[000-002].localdomain\")"

---
Ok(
    [
        "test000.localdomain",
        "test001.localdomain",
        "test002.localdomain",
    ],
)
