---
source: src/lib.rs
assertion_line: 361
expression: "parse(\"hostname[7-5]\")"

---
Ok(
    [
        "hostname7",
        "hostname6",
        "hostname5",
    ],
)
