---
source: src/lib.rs
expression: "parse(\"hostname[6]\")"
---
Ok(
    {
        "hostname6",
    },
)
